// Jest Snapshot v1, https://goo.gl/fbAQLP

exports[`test on GetCommittedAmount Component expects to render GetCommittedAmount Component 1`] = `ShallowWrapper {}`;
