// Jest Snapshot v1, https://goo.gl/fbAQLP

exports[`Test On Home.js expects to render Home component 1`] = `ShallowWrapper {}`;
