// Jest Snapshot v1, https://goo.gl/fbAQLP

exports[`Test On Landing.js expects to render Landing component 1`] = `ShallowWrapper {}`;
