// Jest Snapshot v1, https://goo.gl/fbAQLP

exports[`Test On ScrollText.js expects to render ScrollText component 1`] = `ShallowWrapper {}`;
