// Jest Snapshot v1, https://goo.gl/fbAQLP

exports[`test on ScrollText component expects to render ScrollTextLand component 1`] = `ShallowWrapper {}`;
